// Jest Snapshot v1, https://goo.gl/fbAQLP

exports[`renders fine 1`] = `ShallowWrapper {}`;
